// Jest Snapshot v1, https://goo.gl/fbAQLP

exports[`tokenIssuerMiddleware should set issuer on context 1`] = `
Object {
  "issuerName": TokenIssuer {
    "issuer": "issuer",
    "keystore": Keystore {
      "keys": Array [
        Object {
          "algorithms": Array [
            "ES512",
          ],
          "allowed": true,
          "created": 2020-01-01T08:00:00.000Z,
          "events": Array [],
          "expires": null,
          "id": "7531da89-12e9-403e-925a-5da49100635c",
          "namedCurve": "P-521",
          "passphrase": null,
          "preferredAlgorithm": "ES512",
          "privateKey": "-----BEGIN PRIVATE KEY-----
MIHuAgEAMBAGByqGSM49AgEGBSuBBAAjBIHWMIHTAgEBBEIBGma7xGZpaAngFXf3
mJF3IxZfDpI+6wU564K+eehxX104v6dZetjSfMx0rvsYX/s6cO2P3GE7R95VxWEk
+f4EX0qhgYkDgYYABAB8cBfDwCi41G4kVW4V3Y86nIMMCypYzfO8gYjpS091lxkM
goTRS3LM1p65KQfwBolrWIdVrbbOILASf06fQsHw5gEt4snVuMBO+LS6pesX9vA8
QT1LjX75Xq2InnLY1VToeNmxkuM+oDZgqHOYwzfUhu+zZaA5AuEkqPi47TA9iCSY
VQ==
-----END PRIVATE KEY-----
",
          "publicKey": "-----BEGIN PUBLIC KEY-----
MIGbMBAGByqGSM49AgEGBSuBBAAjA4GGAAQAfHAXw8AouNRuJFVuFd2POpyDDAsq
WM3zvIGI6UtPdZcZDIKE0UtyzNaeuSkH8AaJa1iHVa22ziCwEn9On0LB8OYBLeLJ
1bjATvi0uqXrF/bwPEE9S41++V6tiJ5y2NVU6HjZsZLjPqA2YKhzmMM31Ibvs2Wg
OQLhJKj4uO0wPYgkmFU=
-----END PUBLIC KEY-----
",
          "type": "EC",
          "updated": 2020-01-01T08:00:00.000Z,
          "version": 0,
        },
      ],
    },
    "logger": Object {
      "createChildLogger": [Function],
      "debug": [Function],
      "error": [Function],
      "info": [Function],
      "silly": [Function],
      "verbose": [Function],
      "warn": [Function],
    },
  },
}
`;
